INFO:root:Test started
WARNING:root:Something looks off
ERROR:root:Test failed
INFO:root:Test started
WARNING:root:Something looks off
ERROR:root:Test failed
INFO:root:Test started
WARNING:root:Something looks off
ERROR:root:Test failed
INFO:root:Test started
WARNING:root:Something looks off
ERROR:root:Test failed
INFO:root:Test started
WARNING:root:Something looks off
ERROR:root:Test failed
INFO:root:Test started
WARNING:root:Something looks off
ERROR:root:Test failed
INFO:root:Test started
WARNING:root:Something looks off
ERROR:root:Test failed
INFO:root:Test started
WARNING:root:Something looks off
ERROR:root:Test failed
INFO:root:Test started
WARNING:root:Something looks off
ERROR:root:Test failed
INFO:root:Test started
WARNING:root:Something looks off
ERROR:root:Test failed
INFO:root:Test started
WARNING:root:Something looks off
ERROR:root:Test failed
INFO:root:Test started
WARNING:root:Something looks off
ERROR:root:Test failed
INFO:root:Test started
WARNING:root:Something looks off
ERROR:root:Test failed
INFO:root:Test started
WARNING:root:Something looks off
ERROR:root:Test failed
INFO:root:Test started
WARNING:root:Something looks off
ERROR:root:Test failed
INFO:root:Test started
WARNING:root:Something looks off
ERROR:root:Test failed
INFO:root:Test started
WARNING:root:Something looks off
ERROR:root:Test failed
INFO:root:Test started
WARNING:root:Something looks off
ERROR:root:Test failed
INFO:root:Test started
WARNING:root:Something looks off
ERROR:root:Test failed
INFO:root:Test started
WARNING:root:Something looks off
ERROR:root:Test failed
INFO:root:Test started
WARNING:root:Something looks off
ERROR:root:Test failed
INFO:root:Test started
WARNING:root:Something looks off
ERROR:root:Test failed
INFO:root:Test started
WARNING:root:Something looks off
ERROR:root:Test failed
INFO:root:Test started
WARNING:root:Something looks off
ERROR:root:Test failed
INFO:root:Test started
WARNING:root:Something looks off
ERROR:root:Test failed
INFO:root:Test started
WARNING:root:Something looks off
ERROR:root:Test failed
INFO:root:Test started
WARNING:root:Something looks off
ERROR:root:Test failed
INFO:root:Test started
WARNING:root:Something looks off
ERROR:root:Test failed
INFO:root:Test started
WARNING:root:Something looks off
ERROR:root:Test failed
INFO:root:Test started
WARNING:root:Something looks off
ERROR:root:Test failed
